// Jest Snapshot v1, https://goo.gl/fbAQLP

exports[`Prueba de CounterAppp Debe hacer match con la snapshot 1`] = `
<Fragment>
  <h1>
    DBlog
  </h1>
  <h2 />
  <button
    onClick={[Function]}
  >
    +1
  </button>
  <button
    onClick={[Function]}
  >
    Reset
  </button>
  <button
    onClick={[Function]}
  >
    -1
  </button>
</Fragment>
`;
